// Jest Snapshot v1, https://goo.gl/fbAQLP

exports[`renders correctly (snapshot) 1`] = `
<div
  className="ui container"
>
  <div
    className="home-container"
  >
    <div
      className="card text-center"
    >
      <div
        className="card-header card-head"
        data-test="heading"
      >
        <h3>
          Product Inventory
        </h3>
      </div>
      <div
        className="card-body"
      >
        <p
          className="card-text"
          style={
            Object {
              "textAlign": "justify",
            }
          }
        >
          This system has provision to view the list of products and allows only the registered and authenticated users to add, edit, delete the products and view the product detail. The user interface to the system is implemented using React. The data about the products is managed in a JSON server. The client application interfaces with the JSON Server through http to retrieve and store data.
        </p>
        <a
          className="btn btn-primary"
          href="/products"
          style={
            Object {
              "width": "200px",
            }
          }
        >
          <span>
            View Our Products
          </span>
        </a>
      </div>
    </div>
  </div>
</div>
`;
